2024-11-19 17:37:29,053 - INFO - crontab
